// Jest Snapshot v1, https://goo.gl/fbAQLP

exports[`Tests for GroupItem Test GroupItem 1`] = `
<div
  className="group-item active"
  onClick={[Function]}
  style={
    Object {
      "alignItems": "center",
      "backgroundColor": "var(--accent-color)",
      "borderBottom": "1px solid var(--background-color-dark)",
      "color": "var(--reverse-color)",
      "cursor": "pointer",
      "display": "flex",
      "height": 38,
      "padding": "10px 0",
      "zIndex": 1,
    }
  }
>
  <Glyphicon
    bsClass="glyphicon"
    glyph="ok"
  />
  <span
    className="selection"
    data-class="selection-tooltip"
    data-delay-hide="100"
    data-effect="float"
    data-place="bottom"
    data-tip="Paul"
    data-type="dark"
  >
    <span
      style={
        Object {
          "display": "block",
          "overflow": "hidden",
          "padding": "0px 20px 0px 0px",
          "textOverflow": "ellipsis",
          "whiteSpace": "nowrap",
        }
      }
    >
      Tit 1:1 Paul
    </span>
  </span>
  <ReactTooltip
    insecure={true}
    resizeHide={true}
    wrapper="div"
  />
</div>
`;
