// Jest Snapshot v1, https://goo.gl/fbAQLP

exports[`OnlineImportModal component renders correctly Comparing OnlineImportModal Component render with snapshot taken 11/10/2017 1`] = `null`;
