// Jest Snapshot v1, https://goo.gl/fbAQLP

exports[`Test StatusBarContainer component StatusBarContainer Component on current system should match snapshot 1`] = `null`;

exports[`Test StatusBarContainer component StatusBarContainer Component on current system should render button text correctly 1`] = `
<Provider
  store={
    Object {
      "dispatch": [Function],
      "getState": [Function],
      "replaceReducer": [Function],
      "subscribe": [Function],
      Symbol(observable): [Function],
    }
  }
>
  <Connect(StatusBarContainer)
    translate={[Function]}
  />
</Provider>
`;
