// Jest Snapshot v1, https://goo.gl/fbAQLP

exports[`should have three boxes unchecked 1`] = `
<div
  style={
    Object {
      "marginLeft": "6%",
    }
  }
>
  <div
    style={
      Object {
        "alignItems": "center",
        "display": "flex",
        "marginBottom": 5,
      }
    }
  >
    <div>
      Key Terms
    </div>
  </div>
  <div
    style={
      Object {
        "alignItems": "center",
        "display": "flex",
        "marginBottom": 5,
      }
    }
  >
    <div>
      Other Terms
    </div>
  </div>
  <div
    style={
      Object {
        "alignItems": "center",
        "display": "flex",
        "marginBottom": 5,
      }
    }
  >
    <div>
      Names
    </div>
  </div>
</div>
`;
