// Jest Snapshot v1, https://goo.gl/fbAQLP

exports[`Test ToolCard component Comparing ToolCard Component render with snapshot taken 11/07/2017 in __snapshots__ should match 1`] = `
<div
  style={
    Object {
      "WebkitTapHighlightColor": "rgba(0,0,0,0)",
      "backgroundColor": "#ffffff",
      "borderRadius": 2,
      "boxShadow": "0 1px 6px rgba(0, 0, 0, 0.12),
         0 1px 4px rgba(0, 0, 0, 0.12)",
      "boxSizing": "border-box",
      "color": "rgba(0, 0, 0, 0.87)",
      "fontFamily": "Roboto, sans-serif",
      "margin": "6px 0px 10px",
      "muiPrepared": true,
      "transition": "all 450ms cubic-bezier(0.23, 1, 0.32, 1) 0ms",
      "zIndex": 1,
    }
  }
>
  <div
    style={
      Object {
        "paddingBottom": 0,
      }
    }
  >
    <img
      src={undefined}
      style={
        Object {
          "float": "left",
          "height": "90px",
          "margin": "10px",
        }
      }
    />
    <div
      style={
        Object {
          "boxSizing": "border-box",
          "fontWeight": 500,
          "muiPrepared": true,
          "padding": 16,
          "position": "relative",
          "whiteSpace": "nowrap",
        }
      }
    >
      <div
        style={
          Object {
            "display": "inline-block",
            "muiPrepared": true,
            "paddingRight": "90px",
            "verticalAlign": "top",
            "whiteSpace": "normal",
          }
        }
      >
        <span
          style={
            Object {
              "color": "rgba(0, 0, 0, 0.87)",
              "display": "block",
              "fontSize": 15,
              "fontWeight": "bold",
              "muiPrepared": true,
            }
          }
        />
        <span
          style={
            Object {
              "color": "rgba(0, 0, 0, 0.54)",
              "display": "block",
              "fontSize": 14,
              "muiPrepared": true,
            }
          }
        />
      </div>
    </div>
    <br />
    <ToolCardProgress
      progress={0.5}
    />
    <div />
    <div
      style={
        Object {
          "alignItems": "baseline",
          "display": "flex",
          "flexDirection": "row",
          "justifyContent": "space-between",
        }
      }
    >
      <div
        style={
          Object {
            "display": "flex",
            "justifyContent": "space-between",
          }
        }
      >
        <div
          onClick={[Function]}
          style={
            Object {
              "cursor": "pointer",
              "fontSize": "18px",
              "padding": "10px 10px 0px",
            }
          }
        >
          <span>
            see_more
          </span>
          <span
            className="glyphicon glyphicon-chevron-down"
            style={
              Object {
                "fontSize": "18px",
                "margin": "0px 0px 0px 6px",
              }
            }
          />
        </div>
      </div>
      <div
        className={undefined}
        style={
          Object {
            "backgroundColor": "transparent",
            "cursor": "auto",
            "display": "inline-block",
            "fontFamily": "Roboto, sans-serif",
            "fontSize": 16,
            "height": 72,
            "lineHeight": "24px",
            "muiPrepared": true,
            "position": "relative",
            "transition": "height 200ms cubic-bezier(0.23, 1, 0.32, 1) 0ms",
            "width": 256,
          }
        }
      >
        <label
          className={undefined}
          htmlFor="glddl"
          onClick={undefined}
          style={
            Object {
              "color": "#000000",
              "lineHeight": "22px",
              "muiPrepared": true,
              "pointerEvents": "none",
              "position": "absolute",
              "top": 38,
              "transform": "scale(0.75) translate(0, -28px)",
              "transformOrigin": "left top",
              "transition": "all 450ms cubic-bezier(0.23, 1, 0.32, 1) 0ms",
              "userSelect": "none",
              "zIndex": 1,
            }
          }
        >
          home.tools.gateway_language
        </label>
        <div
          className={undefined}
          id="glddl"
          onBlur={[Function]}
          onChange={[Function]}
          onFocus={[Function]}
          style={
            Object {
              "WebkitOpacity": 1,
              "WebkitTapHighlightColor": "rgba(0,0,0,0)",
              "backgroundColor": "rgba(0,0,0,0)",
              "border": "none",
              "boxSizing": "border-box",
              "color": "rgba(0, 0, 0, 0.87)",
              "cursor": "inherit",
              "display": "block",
              "font": "inherit",
              "fontFamily": "Roboto, sans-serif",
              "fontSize": 15,
              "height": "100%",
              "marginTop": 14,
              "muiPrepared": true,
              "outline": "none",
              "padding": 0,
              "position": "relative",
              "transition": "all 450ms cubic-bezier(0.23, 1, 0.32, 1) 0ms",
              "width": "100%",
            }
          }
        >
          <div
            onClick={[Function]}
            style={
              Object {
                "cursor": "pointer",
                "height": "100%",
                "muiPrepared": true,
                "position": "relative",
                "width": "100%",
              }
            }
          >
            <div
              style={
                Object {
                  "boxSizing": "border-box",
                  "content": "' '",
                  "display": "table",
                  "muiPrepared": true,
                }
              }
            />
            <div
              style={
                Object {
                  "color": "rgba(0, 0, 0, 0.87)",
                  "height": "56px",
                  "lineHeight": "56px",
                  "muiPrepared": true,
                  "opacity": 1,
                  "overflow": "hidden",
                  "paddingLeft": 0,
                  "paddingRight": 56,
                  "position": "relative",
                  "textOverflow": "ellipsis",
                  "top": 6,
                  "whiteSpace": "nowrap",
                }
              }
            >
              English
            </div>
            <button
              disabled={false}
              onBlur={[Function]}
              onClick={[Function]}
              onFocus={[Function]}
              onKeyDown={[Function]}
              onKeyUp={[Function]}
              onMouseEnter={[Function]}
              onMouseLeave={[Function]}
              onMouseOut={[Function]}
              onTouchStart={[Function]}
              style={
                Object {
                  "WebkitTapHighlightColor": "rgba(0, 0, 0, 0)",
                  "background": "none",
                  "border": 10,
                  "boxSizing": "border-box",
                  "cursor": "pointer",
                  "display": "inline-block",
                  "fill": "#e0e0e0",
                  "fontFamily": "Roboto, sans-serif",
                  "fontSize": 0,
                  "fontWeight": "inherit",
                  "height": 48,
                  "margin": 0,
                  "muiPrepared": true,
                  "outline": "none",
                  "overflow": "visible",
                  "padding": 12,
                  "position": "absolute",
                  "right": 0,
                  "textDecoration": "none",
                  "top": 8,
                  "transition": "all 450ms cubic-bezier(0.23, 1, 0.32, 1) 0ms",
                  "verticalAlign": null,
                  "width": 48,
                }
              }
              tabIndex={0}
              type="button"
            >
              <div
                onMouseDown={[Function]}
                onMouseLeave={[Function]}
                onMouseUp={[Function]}
                onTouchEnd={[Function]}
                onTouchStart={[Function]}
              >
                <svg
                  onMouseEnter={[Function]}
                  onMouseLeave={[Function]}
                  style={
                    Object {
                      "color": "rgba(0, 0, 0, 0.87)",
                      "display": "inline-block",
                      "fill": "inherit",
                      "height": 24,
                      "muiPrepared": true,
                      "transition": "all 450ms cubic-bezier(0.23, 1, 0.32, 1) 0ms",
                      "userSelect": "none",
                      "width": 24,
                    }
                  }
                  viewBox="0 0 24 24"
                >
                  <path
                    d="M7 10l5 5 5-5z"
                  />
                </svg>
              </div>
            </button>
            <div
              style={
                Object {
                  "borderTop": "none",
                  "bottom": 1,
                  "left": 0,
                  "margin": "-1px 24px",
                  "muiPrepared": true,
                  "position": "absolute",
                  "right": 0,
                }
              }
            />
            <div
              style={
                Object {
                  "boxSizing": "border-box",
                  "clear": "both",
                  "content": "' '",
                  "display": "table",
                  "muiPrepared": true,
                }
              }
            />
          </div>
          <div
            style={
              Object {
                "display": "none",
              }
            }
          />
        </div>
        <div>
          <hr
            aria-hidden="true"
            style={
              Object {
                "borderBottomStyle": "solid",
                "borderBottomWidth": 1,
                "borderColor": "#e0e0e0",
                "borderLeft": "none",
                "borderRight": "none",
                "borderTop": "none",
                "bottom": 8,
                "boxSizing": "content-box",
                "margin": 0,
                "muiPrepared": true,
                "position": "absolute",
                "width": "100%",
              }
            }
          />
          <hr
            aria-hidden="true"
            style={
              Object {
                "borderBottomStyle": "solid",
                "borderBottomWidth": 2,
                "borderColor": "#00bcd4",
                "borderLeft": "none",
                "borderRight": "none",
                "borderTop": "none",
                "bottom": 8,
                "boxSizing": "content-box",
                "margin": 0,
                "muiPrepared": true,
                "position": "absolute",
                "transform": "scaleX(0)",
                "transition": "all 450ms cubic-bezier(0.23, 1, 0.32, 1) 0ms",
                "width": "100%",
              }
            }
          />
        </div>
      </div>
      <span>
        <button
          className="btn-prime"
          disabled={false}
          onClick={[Function]}
          style={
            Object {
              "margin": "10px",
              "width": "90px",
            }
          }
        >
          Launch
        </button>
      </span>
    </div>
  </div>
</div>
`;
